<figure data-component="Figure" class="figure w-full" data-option-lazy>
  <div class="figure__inner relative w-full h-0" style="padding-top: 100%">
    <img
      class="figure__img absolute inset-0 w-full max-w-none h-full"
      src="data:image/svg+xml,%3Csvg%20xmlns%3D%22http%3A%2F%2Fwww.w3.org%2F2000%2Fsvg%22%0A%20%20%20%20viewbox%3D%220%200%20400%20400%22%0A%20%20%20%20width%3D%22400%22%0A%20%20%20%20height%3D%22400%22%3E%0A%20%20%20%20%3Crect%20x%3D%220%22%20y%3D%220%22%20width%3D%22400%22%20height%3D%22400%22%20fill%3D%22%23eee%22%20%2F%3E%0A%20%20%3C%2Fsvg%3E"
      data-src="https://picsum.photos/400/400"
      alt=""
      width="400"
      height="400"
      data-ref="img" />
  </div>
</figure>
