<figure data-component="Figure" class="figure w-full" style="">
  <div class="figure__inner relative w-full h-0" style="padding-top: 100&#x25">
    <img
      class="figure__img absolute inset-0 w-full max-w-none h-full"
      src="https://picsum.photos/400/400"
      data-src="https://picsum.photos/400/400"
      alt=""
      width="400"
      height="400"
      data-ref="img" />
  </div>
</figure>
